// Jest Snapshot v1, https://goo.gl/fbAQLP

exports[`ControlledTextField should render correctly 1`] = `
<DocumentFragment>
  <div
    class="MuiFormControl-root MuiTextField-root"
  >
    <label
      class="MuiFormLabel-root MuiInputLabel-root MuiInputLabel-formControl MuiInputLabel-animated MuiInputLabel-filled"
      data-shrink="false"
    >
      Foo
    </label>
    <div
      class="MuiInputBase-root MuiFilledInput-root MuiFilledInput-underline MuiInputBase-formControl"
    >
      <input
        aria-invalid="false"
        class="MuiInputBase-input MuiFilledInput-input"
        name="foo"
        type="text"
        value=""
      />
    </div>
  </div>
</DocumentFragment>
`;
